../Core/Src/app/BQ76920.c:21:16:calculateCRC	24	static
../Core/Src/app/BQ76920.c:45:6:BQ76920_Initialise	40	static
../Core/Src/app/BQ76920.c:123:7:getCellVoltage	40	static
../Core/Src/app/BQ76920.c:167:7:getPackVoltage	32	static
../Core/Src/app/BQ76920.c:188:7:getCurrent	32	static
../Core/Src/app/BQ76920.c:216:7:BQ76920_GetTemperature	40	static
../Core/Src/app/BQ76920.c:257:7:SOCPack	56	static
../Core/Src/app/BQ76920.c:289:6:Enter_SHIP_Mode	24	static
../Core/Src/app/BQ76920.c:306:7:SOHPack	56	static
../Core/Src/app/BQ76920.c:347:6:readAlert	24	static
../Core/Src/app/BQ76920.c:365:6:EnableBalanceCell	40	static
../Core/Src/app/BQ76920.c:400:6:turnCHGOn	24	static
../Core/Src/app/BQ76920.c:415:6:turnDSGOn	24	static
../Core/Src/app/BQ76920.c:430:6:turnCHGOff	24	static
../Core/Src/app/BQ76920.c:445:6:turnDSGOff	24	static
../Core/Src/app/BQ76920.c:460:6:CLEAR_SYS_STAT	24	static
../Core/Src/app/BQ76920.c:474:9:getAlert	16	static
../Core/Src/app/BQ76920.c:486:9:checkUV	24	static
../Core/Src/app/BQ76920.c:502:9:checkNotUV	24	static
../Core/Src/app/BQ76920.c:519:9:checkOV	24	static
../Core/Src/app/BQ76920.c:535:9:checkNotOV	24	static
../Core/Src/app/BQ76920.c:552:6:justWrite1	24	static
../Core/Src/app/BQ76920.c:565:9:justRead1	24	static
../Core/Src/app/BQ76920.c:579:9:justRead2	24	static
../Core/Src/app/BQ76920.c:594:6:BQ76920_GetMetrics	16	static
../Core/Src/app/BQ76920.c:619:6:BQ76920_ReadRegister	40	static
../Core/Src/app/BQ76920.c:640:6:BQ76920_WriteRegister	40	static
../Core/Src/app/BQ76920.c:659:7:BQ76920_GetExternalThermistorTemperature	64	static
