../Core/Src/app/BQ76920.c:23:16:calculateCRC	24	static
../Core/Src/app/BQ76920.c:47:6:BQ76920_Initialise	48	static
../Core/Src/app/BQ76920.c:135:7:getCellVoltage	64	static
../Core/Src/app/BQ76920.c:185:7:getPackVoltage	72	static
../Core/Src/app/BQ76920.c:220:7:getCurrent	56	static
../Core/Src/app/BQ76920.c:258:7:BQ76920_GetTemperature	80	static
../Core/Src/app/BQ76920.c:305:7:SOCPack	88	static
../Core/Src/app/BQ76920.c:351:6:Enter_SHIP_Mode	24	static
../Core/Src/app/BQ76920.c:387:7:SOHPack	88	static
../Core/Src/app/BQ76920.c:439:6:readAlert	24	static
../Core/Src/app/BQ76920.c:459:6:EnableBalanceCell	40	static
../Core/Src/app/BQ76920.c:507:6:turnCHGOn	24	static
../Core/Src/app/BQ76920.c:522:6:turnDSGOn	24	static
../Core/Src/app/BQ76920.c:537:6:turnCHGOff	24	static
../Core/Src/app/BQ76920.c:552:6:turnDSGOff	24	static
../Core/Src/app/BQ76920.c:567:6:CLEAR_SYS_STAT	24	static
../Core/Src/app/BQ76920.c:581:9:getAlert	16	static
../Core/Src/app/BQ76920.c:593:9:checkUV	40	static
../Core/Src/app/BQ76920.c:612:9:checkNotUV	24	static
../Core/Src/app/BQ76920.c:629:9:checkOV	24	static
../Core/Src/app/BQ76920.c:645:9:checkNotOV	24	static
../Core/Src/app/BQ76920.c:658:9:checkOC	16	static
../Core/Src/app/BQ76920.c:669:9:checkNotOC	16	static
../Core/Src/app/BQ76920.c:681:9:checkSC	16	static
../Core/Src/app/BQ76920.c:693:9:checkNotSC	16	static
../Core/Src/app/BQ76920.c:711:6:justWrite1	24	static
../Core/Src/app/BQ76920.c:724:9:justRead1	24	static
../Core/Src/app/BQ76920.c:738:9:justRead2	24	static
../Core/Src/app/BQ76920.c:753:6:BQ76920_GetMetrics	16	static
../Core/Src/app/BQ76920.c:778:19:BQ76920_ReadRegister	40	static
../Core/Src/app/BQ76920.c:799:19:BQ76920_WriteRegister	40	static
../Core/Src/app/BQ76920.c:806:6:BQ76920_ReadGainAndOffset	48	static
../Core/Src/app/BQ76920.c:853:7:BQ76920_GetExternalThermistorTemperature	112	static
