../Core/Src/app/Temperature.c:23:6:Temperature_Init	8	static
../Core/Src/app/Temperature.c:41:7:TMP100_ReadTemperature	32	static
../Core/Src/app/Temperature.c:81:13:PowerSwitch_Init	8	static
../Core/Src/app/Temperature.c:97:13:PowerSwitch_Control	24	static
../Core/Src/app/Temperature.c:136:6:PID_Init	8	static
../Core/Src/app/Temperature.c:158:6:PID_Control	72	static
../Core/Src/app/Temperature.c:239:6:TMP100_Configure	32	static
../Core/Src/app/Temperature.c:263:6:Heater1_On	8	static
../Core/Src/app/Temperature.c:277:6:Heater2_On	8	static
../Core/Src/app/Temperature.c:291:6:Heater1_Off	8	static
../Core/Src/app/Temperature.c:305:6:Heater2_Off	8	static
