../Core/Src/app/Temperature.c:23:6:Temperature_Init	8	static
../Core/Src/app/Temperature.c:41:7:TMP100_ReadTemperature	32	static
../Core/Src/app/Temperature.c:75:13:PowerSwitch_Init	8	static
../Core/Src/app/Temperature.c:91:13:PowerSwitch_Control	24	static
../Core/Src/app/Temperature.c:130:6:PID_Init	8	static
../Core/Src/app/Temperature.c:152:6:PID_Control	104	static
../Core/Src/app/Temperature.c:249:6:TMP100_Configure	32	static
../Core/Src/app/Temperature.c:273:6:Heater1_On	8	static
../Core/Src/app/Temperature.c:287:6:Heater2_On	8	static
../Core/Src/app/Temperature.c:301:6:Heater1_Off	8	static
../Core/Src/app/Temperature.c:315:6:Heater2_Off	8	static
