../Core/Src/main.c:170:6:Flash_Erase	40	static
../Core/Src/main.c:190:6:Log_Error	136	static
../Core/Src/main.c:228:6:Log_Read_All	176	static
../Core/Src/main.c:244:6:Log_Init	16	static
../Core/Src/main.c:260:6:Update_SOC_SOH	24	static
../Core/Src/main.c:282:6:Update_BMS_Mode	40	static
../Core/Src/main.c:608:9:Read_Internal_Temperature	16	static
../Core/Src/main.c:623:6:SSP_SendStatus	160	static
../Core/Src/main.c:667:6:SSP_ProcessReceivedFrame	160	static
../Core/Src/main.c:836:19:ChargeBattery	24	static
../Core/Src/main.c:903:6:Bootloader_Check	16	static
../Core/Src/main.c:930:6:Bootloader_FirmwareUpdate	336	static
../Core/Src/main.c:1047:16:IsApplicationValid	24	static
../Core/Src/main.c:1054:6:JumpToApplication	32	static,ignoring_inline_asm
../Core/Src/main.c:1084:5:main	392	static
../Core/Src/main.c:1379:6:SystemClock_Config	96	static
../Core/Src/main.c:1428:13:MX_I2C1_Init	8	static
../Core/Src/main.c:1460:13:MX_I2C2_Init	8	static
../Core/Src/main.c:1492:13:MX_I2C3_Init	8	static
../Core/Src/main.c:1524:13:MX_RTC_Init	32	static
../Core/Src/main.c:1572:13:MX_TIM4_Init	48	static
../Core/Src/main.c:1615:13:MX_USART1_UART_Init	8	static
../Core/Src/main.c:1638:13:MX_USART2_Init	8	static
../Core/Src/main.c:1662:13:MX_GPIO_Init	48	static
../Core/Src/main.c:1724:6:Error_Handler	8	static,ignoring_inline_asm
