../Core/Src/main.c:189:6:Flash_Erase	40	static
../Core/Src/main.c:208:6:Log_Error	136	static
../Core/Src/main.c:241:6:Log_Read_All	176	static
../Core/Src/main.c:258:6:Log_Init	16	static
../Core/Src/main.c:276:6:Update_SOC_SOH	24	static
../Core/Src/main.c:297:6:SSP_SendStatus	160	static
../Core/Src/main.c:339:6:SSP_ProcessReceivedFrame	160	static
../Core/Src/main.c:484:9:Read_Internal_Temperature	16	static
../Core/Src/main.c:503:6:Update_BMS_Mode	40	static
../Core/Src/main.c:761:19:ChargeBattery	24	static
../Core/Src/main.c:808:6:Bootloader_Check	16	static
../Core/Src/main.c:830:6:Bootloader_FirmwareUpdate	336	static
../Core/Src/main.c:928:16:IsApplicationValid	24	static
../Core/Src/main.c:940:6:JumpToApplication	32	static,ignoring_inline_asm
../Core/Src/main.c:969:5:main	392	static
../Core/Src/main.c:1156:6:SystemClock_Config	96	static
../Core/Src/main.c:1186:13:MX_I2C1_Init	8	static
../Core/Src/main.c:1210:13:MX_I2C2_Init	8	static
../Core/Src/main.c:1234:13:MX_I2C3_Init	8	static
../Core/Src/main.c:1258:13:MX_RTC_Init	32	static
../Core/Src/main.c:1294:13:MX_USART1_UART_Init	8	static
../Core/Src/main.c:1315:13:MX_USART2_UART_Init	8	static
../Core/Src/main.c:1336:13:MX_GPIO_Init	48	static
../Core/Src/main.c:1380:6:Error_Handler	4	static,ignoring_inline_asm
