../Core/Src/main.c:127:6:Flash_Erase	40	static
../Core/Src/main.c:146:6:Log_Error	80	static
../Core/Src/main.c:176:6:Log_Read_All	176	static
../Core/Src/main.c:192:6:Log_Init	16	static
../Core/Src/main.c:208:6:Update_SOC_SOH	24	static
../Core/Src/main.c:229:6:Update_BMS_Mode	16	static
../Core/Src/main.c:270:9:Read_Internal_Temperature	16	static
../Core/Src/main.c:285:6:SSP_SendStatus	344	static
../Core/Src/main.c:333:6:SSP_ProcessReceivedFrame	344	static
../Core/Src/main.c:487:6:ChargeBattery	80	static
../Core/Src/main.c:571:5:main	584	static
../Core/Src/main.c:850:6:SystemClock_Config	96	static
../Core/Src/main.c:901:13:MX_I2C1_Init	8	static
../Core/Src/main.c:944:13:MX_I2C2_Init	8	static
../Core/Src/main.c:987:13:MX_I2C3_Init	8	static
../Core/Src/main.c:1030:13:MX_RTC_Init	32	static
../Core/Src/main.c:1095:13:MX_TIM4_Init	48	static
../Core/Src/main.c:1143:13:MX_USART1_UART_Init	8	static
../Core/Src/main.c:1173:13:MX_USART2_Init	8	static
../Core/Src/main.c:1204:13:MX_GPIO_Init	48	static
../Core/Src/main.c:1265:6:Error_Handler	4	static,ignoring_inline_asm
