../Core/Src/main.c:169:6:Flash_Erase	40	static
../Core/Src/main.c:189:6:Log_Error	136	static
../Core/Src/main.c:226:6:Log_Read_All	176	static
../Core/Src/main.c:242:6:Log_Init	16	static
../Core/Src/main.c:258:6:Update_SOC_SOH	24	static
../Core/Src/main.c:279:6:Update_BMS_Mode	40	static
../Core/Src/main.c:624:9:Read_Internal_Temperature	16	static
../Core/Src/main.c:639:6:SSP_SendStatus	160	static
../Core/Src/main.c:687:6:SSP_ProcessReceivedFrame	160	static
../Core/Src/main.c:855:19:ChargeBattery	24	static
../Core/Src/main.c:926:6:Bootloader_Check	16	static
../Core/Src/main.c:955:6:Bootloader_FirmwareUpdate	320	static
../Core/Src/main.c:1071:16:IsApplicationValid	24	static
../Core/Src/main.c:1077:6:JumpToApplication	32	static,ignoring_inline_asm
../Core/Src/main.c:1106:5:main	392	static
../Core/Src/main.c:1401:6:SystemClock_Config	96	static
../Core/Src/main.c:1450:13:MX_I2C1_Init	8	static
../Core/Src/main.c:1482:13:MX_I2C2_Init	8	static
../Core/Src/main.c:1514:13:MX_I2C3_Init	8	static
../Core/Src/main.c:1546:13:MX_RTC_Init	32	static
../Core/Src/main.c:1594:13:MX_TIM4_Init	48	static
../Core/Src/main.c:1638:13:MX_USART1_UART_Init	8	static
../Core/Src/main.c:1661:13:MX_USART2_Init	8	static
../Core/Src/main.c:1685:13:MX_GPIO_Init	48	static
../Core/Src/main.c:1748:6:Error_Handler	8	static,ignoring_inline_asm
