../Core/Src/main.c:75:5:main	8	static
../Core/Src/main.c:110:6:SystemClock_Config	96	static
../Core/Src/main.c:142:13:MX_ADC1_Init	48	static
../Core/Src/main.c:182:13:MX_I2C1_Init	8	static
../Core/Src/main.c:207:13:MX_I2C2_Init	8	static
../Core/Src/main.c:232:13:MX_I2C3_Init	8	static
../Core/Src/main.c:257:13:MX_RTC_Init	32	static
../Core/Src/main.c:296:13:MX_TIM2_Init	40	static
../Core/Src/main.c:324:13:MX_USART1_UART_Init	8	static
../Core/Src/main.c:342:13:MX_USART2_UART_Init	8	static
../Core/Src/main.c:360:13:MX_DMA_Init	16	static
../Core/Src/main.c:373:13:MX_GPIO_Init	48	static
../Core/Src/main.c:412:6:StartDefaultTask	24	static
../Core/Src/main.c:436:6:StartTask02	24	static
../Core/Src/main.c:449:6:StartTask03	24	static
../Core/Src/main.c:466:6:StartTask04	16	static
../Core/Src/main.c:478:6:Error_Handler	4	static,ignoring_inline_asm
