../Core/Src/main.c:49:5:main	24	static
../Core/Src/main.c:144:6:SystemClock_Config	96	static
../Core/Src/main.c:195:13:MX_ADC1_Init	48	static
../Core/Src/main.c:273:13:MX_I2C1_Init	8	static
../Core/Src/main.c:320:13:MX_I2C2_Init	8	static
../Core/Src/main.c:368:13:MX_I2C3_Init	8	static
../Core/Src/main.c:416:13:MX_TIM2_Init	40	static
../Core/Src/main.c:468:13:MX_USART1_UART_Init	8	static
../Core/Src/main.c:505:13:MX_USART2_UART_Init	8	static
../Core/Src/main.c:542:13:MX_DMA_Init	16	static
../Core/Src/main.c:571:13:MX_GPIO_Init	48	static
../Core/Src/main.c:627:6:HAL_GPIO_EXTI_Callback	16	static
../Core/Src/main.c:665:6:Error_Handler	4	static,ignoring_inline_asm
