../Core/Src/main.c:75:5:main	8	static
../Core/Src/main.c:112:6:StartDefaultTask	24	static
../Core/Src/main.c:136:6:StartTask02	24	static
../Core/Src/main.c:153:6:StartTask03	24	static
../Core/Src/main.c:170:6:StartTask04	16	static
../Core/Src/main.c:182:6:SystemClock_Config	96	static
../Core/Src/main.c:215:13:MX_ADC1_Init	48	static
../Core/Src/main.c:258:13:MX_I2C1_Init	8	static
../Core/Src/main.c:285:13:MX_I2C2_Init	8	static
../Core/Src/main.c:312:13:MX_I2C3_Init	8	static
../Core/Src/main.c:339:13:MX_RTC_Init	32	static
../Core/Src/main.c:382:13:MX_TIM2_Init	40	static
../Core/Src/main.c:410:13:MX_USART1_UART_Init	8	static
../Core/Src/main.c:428:13:MX_USART2_UART_Init	8	static
../Core/Src/main.c:446:13:MX_DMA_Init	16	static
../Core/Src/main.c:460:13:MX_GPIO_Init	48	static
../Core/Src/main.c:509:6:HAL_TIM_PeriodElapsedCallback	16	static
../Core/Src/main.c:517:6:Error_Handler	4	static,ignoring_inline_asm
